../Core/Src/main.c:39:5:main	24	static
../Core/Src/main.c:82:7:HAL_I2C_AddrCallback	184	static
../Core/Src/main.c:127:7:HAL_I2C_SlaveRxCpltCallback	16	static
../Core/Src/main.c:142:7:HAL_I2C_ListenCpltCallback	16	static
../Core/Src/main.c:151:7:HAL_I2C_ErrorCallback	104	static
../Core/Src/main.c:164:6:SystemClock_Config	88	static
../Core/Src/main.c:211:13:MX_I2C1_Init	8	static
../Core/Src/main.c:245:13:MX_USART2_UART_Init	8	static
../Core/Src/main.c:278:13:MX_GPIO_Init	24	static
../Core/Src/main.c:303:6:Error_Handler	4	static,ignoring_inline_asm
